// Vitest Snapshot v1

exports[`multiline strings  1`] = `
"
export default function () {
  function Foo() {
  }

  return Foo;
}
"
`;
